../Drivers/STM32U5xx_HAL_Driver/Inc/stm32u5xx_ll_bus.h:845:22:LL_AHB2_GRP1_EnableClock	1
../Drivers/STM32U5xx_HAL_Driver/Inc/stm32u5xx_ll_bus.h:1895:22:LL_APB1_GRP2_EnableClock	1
../Core/Src/main.c:94:1:__io_putchar	1
../Core/Src/main.c:109:5:main	1
../Core/Src/main.c:252:6:SystemClock_Config	4
../Core/Src/main.c:308:13:SystemPower_Config	2
../Core/Src/main.c:328:13:MX_ADC1_Init	3
../Core/Src/main.c:390:13:MX_GPDMA1_Init	1
../Core/Src/main.c:420:13:MX_ICACHE_Init	3
../Core/Src/main.c:452:13:MX_MEMORYMAP_Init	1
../Core/Src/main.c:473:13:MX_UCPD1_Init	1
../Core/Src/main.c:515:13:MX_USART1_UART_Init	5
../Core/Src/main.c:563:13:MX_USART2_UART_Init	5
../Core/Src/main.c:616:13:MX_USB_OTG_HS_HCD_Init	2
../Core/Src/main.c:649:13:MX_GPIO_Init	1
../Core/Src/main.c:732:6:usart2UartUpdate	5
../Core/Src/main.c:771:6:Error_Handler	1
